# Histogram of DEBIE execution times
# Unit: microseconds
024627 000001
024647 000001
024669 000001
024673 000001
024686 000001
024690 000001
024692 000002
024693 000001
024696 000002
024697 000001
024701 000001
024704 000001
024705 000001
024710 000001
024713 000001
024714 000001
024717 000002
024718 000001
024721 000001
024722 000001
024724 000001
024725 000002
024729 000001
024730 000002
024731 000001
024732 000002
024733 000001
024739 000002
024740 000001
024741 000001
024745 000001
024746 000001
024747 000001
024751 000001
024755 000001
024756 000001
024758 000001
024761 000001
024764 000001
024767 000001
024768 000002
024771 000001
024772 000001
024775 000001
024776 000001
024777 000001
024779 000001
024782 000001
024783 000001
024785 000002
024789 000001
024793 000002
024794 000001
024796 000002
024799 000001
024801 000001
024804 000001
024806 000001
024807 000002
024808 000001
024810 000002
024811 000001
024814 000001
024820 000001
024821 000001
024823 000001
024828 000001
024829 000001
024831 000001
024834 000002
024835 000001
024836 000001
024838 000001
024839 000002
024842 000001
024845 000001
024847 000002
024848 000001
024851 000001
024852 000001
024853 000001
024855 000001
024859 000001
024862 000001
024863 000002
024864 000001
024865 000001
024866 000001
024869 000001
024870 000001
024872 000001
024875 000001
024876 000001
024878 000001
024882 000001
024883 000001
024886 000001
024887 000001
024888 000001
024889 000001
024892 000002
024893 000001
024895 000001
024899 000002
024900 000002
024901 000001
024902 000001
024903 000001
024905 000001
024906 000001
024907 000003
024912 000001
024913 000001
024915 000001
024916 000001
024917 000003
024918 000002
024919 000003
024921 000004
024922 000002
024923 000001
024924 000002
024925 000002
024926 000002
024928 000001
024929 000002
024931 000001
024932 000004
024933 000006
024934 000003
024935 000002
024937 000003
024938 000002
024939 000005
024940 000004
024941 000005
024942 000003
024943 000003
024944 000005
024945 000003
024946 000004
024947 000007
024948 000007
024949 000002
024950 000002
024951 000007
024952 000001
024953 000006
024954 000006
024955 000003
024956 000004
024957 000002
024958 000003
024959 000002
024960 000004
024961 000001
024962 000004
024963 000004
024964 000003
024965 000004
024966 000004
024967 000001
024968 000002
024969 000005
024970 000006
024971 000003
024972 000001
024973 000001
024974 000003
024975 000002
024976 000004
024977 000001
024978 000002
024979 000003
024980 000003
024981 000003
024982 000001
024983 000002
024984 000002
024985 000001
024986 000001
024987 000005
024988 000004
024989 000002
024990 000001
024991 000002
024992 000001
024993 000001
024994 000003
024996 000001
024998 000001
024999 000002
025000 000001
025001 000002
025004 000001
025005 000002
025010 000001
025015 000001
025022 000001
025026 000001
025028 000001
025039 000001
025041 000001
025043 000001
025046 000001
025065 000001
025098 000001
025102 000001
025123 000001
025131 000001
025146 000001
025158 000001
025255 000001
025360 000001
025387 000001
025407 000001
025409 000001
025412 000001
025415 000002
025424 000001
025426 000001
025428 000001
025429 000002
025433 000001
025435 000001
025438 000001
025439 000001
025440 000001
025444 000001
025445 000001
025446 000001
025448 000001
025451 000002
025455 000001
025456 000001
025457 000001
025458 000001
025459 000001
025461 000002
025463 000001
025468 000002
025470 000001
025475 000001
025476 000002
025477 000001
025479 000001
025481 000001
025483 000001
025485 000001
025486 000002
025487 000001
025489 000001
025490 000001
025495 000003
025496 000001
025498 000001
025503 000001
025505 000001
025506 000003
025512 000001
025513 000001
025516 000001
025517 000001
025518 000002
025522 000001
025523 000001
025526 000001
025528 000001
025530 000001
025531 000001
025537 000001
025539 000001
025540 000003
025543 000001
025545 000001
025549 000001
025550 000001
025552 000002
025557 000001
025559 000002
025564 000001
025573 000002
025575 000002
025576 000001
025577 000001
025578 000001
025579 000001
025581 000001
025584 000001
025585 000001
025590 000001
025591 000001
025592 000002
025602 000001
025605 000001
025608 000001
025615 000001
025617 000002
025618 000004
025619 000002
025620 000001
025621 000002
025622 000002
025624 000002
025625 000001
025631 000001
025633 000003
025635 000003
025638 000001
025639 000001
025640 000002
025641 000001
025642 000001
025643 000001
025646 000001
025647 000002
025648 000001
025651 000002
025652 000002
025655 000004
025656 000002
025657 000001
025660 000001
025661 000001
025662 000003
025663 000002
025665 000002
025666 000001
025668 000003
025669 000002
025670 000003
025671 000003
025672 000006
025673 000001
025674 000003
025675 000003
025676 000005
025677 000003
025678 000002
025679 000004
025680 000003
025681 000006
025682 000008
025683 000002
025685 000004
025686 000003
025687 000003
025688 000003
025690 000003
025691 000003
025692 000003
025693 000003
025694 000003
025695 000003
025696 000002
025697 000004
025698 000002
025699 000003
025700 000008
025701 000004
025702 000005
025703 000003
025704 000001
025705 000003
025706 000004
025707 000003
025708 000003
025709 000003
025710 000003
025711 000006
025712 000003
025713 000007
025714 000003
025715 000001
025716 000001
025717 000007
025718 000003
025719 000003
025720 000005
025721 000002
025722 000002
025723 000001
025724 000001
025725 000003
025726 000002
025727 000002
025728 000001
025729 000002
025730 000003
025731 000002
025732 000001
025733 000001
025734 000001
025735 000001
025737 000004
025738 000001
025742 000001
025744 000002
025748 000001
025750 000001
025751 000002
025754 000001
025771 000001
025774 000001
025778 000001
025783 000001
025784 000002
025787 000001
025797 000001
025800 000001
025804 000003
025807 000001
025808 000001
025809 000001
025810 000001
025812 000001
025819 000001
025821 000001
025822 000004
025823 000002
025824 000003
025825 000002
025826 000002
025830 000001
025832 000001
025833 000002
025836 000001
025839 000001
025840 000002
025844 000001
025845 000001
025846 000001
025847 000002
025849 000001
025850 000001
025851 000002
025853 000001
025859 000001
025860 000001
025861 000001
025866 000001
025868 000002
025869 000002
025874 000001
025876 000001
025877 000001
025878 000001
025879 000001
025883 000001
025885 000001
025886 000001
025887 000001
025888 000001
025890 000001
025891 000002
025896 000001
025910 000001
025914 000001
025915 000001
025916 000003
025918 000003
025919 000002
025923 000002
025926 000001
025927 000001
025929 000001
025932 000002
025933 000001
025934 000001
025935 000002
025936 000001
025937 000001
025938 000001
025939 000002
025940 000001
025941 000001
025942 000001
025943 000001
025944 000001
025945 000003
025946 000003
025947 000003
025949 000002
025950 000002
025952 000002
025954 000001
025955 000003
025956 000001
025957 000004
025958 000002
025959 000001
025960 000003
025961 000002
025963 000005
025964 000003
025965 000003
025966 000001
025967 000001
025968 000001
025969 000003
025971 000001
025972 000002
025974 000001
025975 000002
025976 000002
025977 000003
025978 000001
025979 000001
025980 000001
025981 000002
025984 000001
025985 000001
025987 000001
025988 000001
025989 000001
025990 000001
025991 000004
025992 000004
025993 000001
025994 000002
025996 000002
025997 000003
025998 000001
025999 000001
026000 000001
026001 000005
026002 000003
026003 000001
026004 000005
026005 000001
026006 000002
026007 000003
026009 000001
026010 000002
026011 000002
026012 000004
026013 000003
026014 000002
026015 000001
026016 000003
026018 000002
026019 000005
026020 000002
026021 000004
026022 000002
026023 000002
026024 000002
026025 000003
026026 000003
026027 000002
026029 000001
026030 000002
026031 000002
026032 000006
026033 000006
026034 000003
026035 000004
026036 000002
026037 000004
026038 000003
026040 000006
026041 000009
026042 000004
026043 000007
026044 000003
026045 000008
026046 000003
026047 000004
026048 000005
026049 000006
026050 000004
026051 000007
026052 000008
026053 000003
026054 000006
026055 000005
026056 000005
026057 000003
026058 000005
026059 000004
026060 000010
026061 000004
026062 000004
026063 000007
026064 000004
026065 000003
026066 000006
026067 000007
026068 000001
026069 000007
026070 000007
026071 000004
026072 000008
026073 000002
026074 000004
026075 000004
026076 000001
026077 000004
026078 000004
026079 000006
026080 000004
026081 000006
026082 000002
026083 000001
026084 000008
026085 000005
026086 000004
026087 000005
026088 000001
026089 000003
026090 000003
026091 000003
026092 000005
026093 000004
026094 000004
026095 000002
026096 000002
026097 000005
026098 000003
026099 000001
026100 000003
026101 000002
026102 000002
026103 000002
026104 000004
026105 000001
026106 000003
026108 000003
026109 000003
026110 000004
026111 000003
026112 000003
026113 000004
026114 000002
026115 000001
026116 000003
026117 000001
026118 000001
026119 000002
026120 000003
026122 000001
026123 000005
026124 000002
026125 000003
026126 000002
026128 000001
026129 000001
026131 000003
026132 000001
026133 000002
026134 000001
026135 000002
026136 000004
026137 000001
026138 000001
026139 000002
026140 000002
026141 000004
026143 000002
026144 000001
026145 000002
026147 000003
026148 000001
026149 000002
026150 000002
026151 000002
026152 000002
026153 000002
026154 000003
026155 000002
026156 000002
026157 000001
026158 000002
026159 000001
026160 000003
026161 000001
026162 000001
026163 000005
026164 000001
026165 000002
026166 000005
026167 000002
026168 000001
026169 000003
026170 000002
026171 000004
026172 000004
026173 000003
026174 000004
026175 000001
026176 000003
026177 000005
026178 000008
026179 000004
026180 000003
026181 000004
026182 000004
026183 000004
026184 000003
026185 000006
026186 000007
026187 000008
026188 000005
026189 000006
026190 000005
026191 000005
026192 000005
026193 000007
026194 000005
026195 000003
026196 000005
026197 000003
026198 000005
026199 000004
026200 000006
026201 000008
026202 000005
026203 000003
026204 000004
026205 000011
026206 000013
026207 000004
026208 000007
026209 000009
026210 000007
026211 000007
026212 000008
026213 000008
026214 000005
026215 000005
026216 000006
026217 000009
026218 000008
026219 000003
026220 000007
026221 000008
026222 000011
026223 000009
026224 000008
026225 000009
026226 000007
026227 000009
026228 000010
026229 000008
026230 000008
026231 000005
026232 000005
026233 000009
026234 000004
026235 000007
026236 000002
026237 000006
026238 000003
026239 000014
026240 000005
026241 000004
026242 000004
026243 000001
026244 000006
026245 000006
026246 000005
026247 000006
026248 000003
026249 000007
026250 000004
026251 000002
026252 000007
026253 000005
026254 000007
026255 000002
026256 000007
026257 000008
026258 000004
026259 000002
026260 000002
026261 000002
026262 000003
026264 000003
026265 000003
026267 000004
026268 000004
026269 000004
026270 000002
026271 000001
026272 000001
026273 000002
026274 000006
026275 000002
026276 000005
026277 000004
026278 000006
026279 000006
026280 000003
026281 000003
026282 000002
026284 000003
026285 000004
026286 000001
026287 000004
026288 000006
026289 000004
026291 000003
026292 000002
026293 000004
026294 000008
026295 000003
026296 000005
026297 000007
026298 000004
026299 000003
026300 000002
026301 000001
026302 000008
026303 000004
026305 000002
026306 000003
026307 000005
026308 000004
026309 000002
026310 000003
026311 000004
026312 000006
026313 000001
026314 000003
026315 000006
026316 000002
026317 000005
026318 000001
026319 000004
026320 000010
026321 000003
026322 000004
026323 000004
026324 000011
026325 000003
026326 000002
026327 000001
026328 000009
026329 000004
026332 000001
026333 000004
026334 000002
026335 000005
026336 000006
026337 000003
026338 000004
026339 000007
026340 000007
026341 000001
026342 000003
026343 000006
026344 000002
026345 000001
026346 000003
026347 000002
026348 000005
026349 000006
026350 000002
026351 000003
026352 000003
026353 000002
026354 000002
026355 000005
026356 000002
026357 000001
026358 000001
026359 000001
026360 000001
026361 000001
026362 000002
026363 000004
026364 000002
026366 000002
026367 000004
026368 000003
026371 000002
026372 000003
026373 000001
026374 000004
026375 000003
026376 000001
026377 000003
026380 000001
026382 000001
026383 000002
026384 000002
026385 000002
026386 000001
026387 000001
026388 000001
026390 000004
026392 000001
026393 000001
026395 000003
026396 000001
026399 000004
026400 000003
026403 000003
026404 000001
026405 000001
026406 000001
026407 000001
026409 000002
026413 000002
026414 000001
026415 000001
026416 000003
026418 000001
026421 000001
026422 000001
026424 000001
026425 000001
026429 000001
026430 000001
026434 000002
026435 000001
026436 000002
026437 000001
026440 000001
026441 000001
026442 000002
026443 000002
026444 000001
026445 000001
026446 000001
026447 000002
026449 000001
026450 000001
026451 000002
026453 000007
026455 000003
026457 000001
026458 000003
026459 000003
026460 000002
026462 000002
026463 000002
026464 000004
026465 000003
026466 000004
026467 000002
026468 000004
026469 000011
026470 000003
026471 000005
026472 000004
026473 000003
026474 000002
026475 000002
026476 000005
026477 000004
026478 000003
026479 000002
026481 000008
026482 000002
026483 000007
026484 000003
026485 000004
026486 000003
026487 000003
026488 000003
026489 000002
026490 000008
026491 000001
026493 000006
026494 000003
026495 000002
026496 000002
026497 000004
026498 000005
026499 000006
026500 000001
026501 000004
026502 000003
026503 000008
026504 000004
026505 000003
026506 000004
026507 000004
026508 000007
026509 000002
026510 000004
026511 000002
026512 000002
026513 000007
026514 000002
026515 000003
026516 000007
026517 000006
026518 000003
026519 000003
026520 000005
026521 000002
026522 000006
026523 000002
026524 000004
026525 000002
026526 000003
026527 000005
026528 000007
026529 000003
026530 000003
026532 000001
026533 000003
026534 000006
026535 000001
026536 000002
026537 000001
026538 000007
026539 000004
026540 000004
026541 000003
026542 000002
026543 000002
026544 000005
026545 000004
026548 000006
026549 000001
026550 000008
026551 000004
026552 000004
026553 000003
026554 000003
026555 000001
026556 000001
026557 000004
026558 000002
026559 000002
026560 000002
026561 000004
026562 000004
026563 000003
026564 000001
026565 000004
026566 000003
026567 000001
026568 000001
026569 000002
026570 000001
026571 000001
026572 000002
026573 000002
026575 000001
026576 000001
026578 000003
026580 000001
026581 000001
026582 000001
026583 000001
026584 000001
026585 000002
026586 000001
026587 000002
026588 000001
026589 000002
026590 000002
026591 000002
026592 000003
026593 000003
026594 000003
026595 000003
026597 000002
026600 000001
026601 000001
026603 000002
026604 000002
026605 000003
026606 000002
026607 000003
026609 000002
026610 000005
026611 000002
026612 000001
026614 000002
026615 000002
026616 000002
026617 000001
026621 000003
026622 000002
026624 000002
026626 000002
026627 000001
026629 000002
026630 000001
026631 000002
026632 000001
026633 000003
026634 000001
026635 000001
026636 000004
026637 000002
026638 000001
026639 000003
026640 000002
026641 000004
026642 000002
026643 000001
026644 000001
026645 000001
026646 000001
026647 000001
026648 000003
026649 000001
026650 000001
026651 000001
026652 000003
026653 000002
026654 000001
026656 000001
026657 000003
026658 000001
026659 000003
026660 000002
026662 000005
026664 000001
026665 000001
026666 000003
026667 000002
026669 000001
026670 000004
026671 000001
026672 000001
026673 000004
026674 000003
026675 000003
026676 000003
026677 000005
026678 000001
026679 000001
026681 000002
026682 000002
026683 000001
026684 000002
026685 000003
026686 000002
026687 000001
026689 000002
026690 000002
026692 000002
026693 000002
026694 000001
026695 000001
026696 000003
026697 000001
026698 000005
026699 000004
026700 000001
026701 000003
026702 000004
026703 000006
026704 000002
026705 000008
026706 000006
026707 000004
026708 000002
026709 000007
026710 000005
026711 000002
026712 000004
026713 000007
026714 000009
026715 000003
026716 000007
026717 000004
026718 000008
026719 000005
026720 000007
026721 000008
026722 000008
026723 000008
026724 000008
026725 000005
026726 000008
026727 000005
026728 000007
026729 000005
026730 000005
026731 000005
026732 000005
026733 000005
026734 000008
026735 000006
026736 000005
026737 000005
026738 000006
026739 000004
026740 000010
026741 000009
026742 000004
026743 000011
026744 000004
026745 000006
026746 000011
026747 000003
026748 000004
026749 000008
026750 000007
026751 000008
026752 000015
026753 000009
026754 000006
026755 000014
026756 000009
026757 000006
026758 000010
026759 000015
026760 000012
026761 000006
026762 000015
026763 000014
026764 000012
026765 000009
026766 000010
026767 000007
026768 000009
026769 000010
026770 000014
026771 000007
026772 000006
026773 000008
026774 000004
026775 000006
026776 000009
026777 000014
026778 000013
026779 000014
026780 000004
026781 000013
026782 000004
026783 000016
026784 000006
026785 000009
026786 000004
026787 000013
026788 000010
026789 000007
026790 000011
026791 000008
026792 000013
026793 000010
026794 000008
026795 000013
026796 000009
026797 000006
026798 000005
026799 000007
026800 000006
026801 000005
026802 000006
026803 000004
026804 000006
026805 000006
026806 000007
026807 000009
026808 000005
026809 000007
026810 000007
026811 000004
026812 000007
026813 000004
026814 000005
026815 000005
026816 000005
026817 000004
026818 000010
026819 000005
026820 000002
026821 000009
026822 000002
026823 000006
026824 000010
026825 000005
026826 000004
026827 000004
026828 000004
026829 000002
026830 000002
026831 000004
026832 000002
026833 000004
026834 000003
026835 000001
026836 000002
026837 000006
026838 000004
026839 000003
026840 000001
026841 000005
026842 000002
026843 000002
026844 000003
026845 000002
026846 000001
026847 000003
026848 000002
026849 000001
026850 000003
026851 000002
026852 000003
026853 000002
026854 000001
026856 000006
026857 000001
026859 000002
026860 000006
026861 000002
026862 000008
026863 000002
026864 000003
026865 000003
026866 000002
026867 000002
026868 000005
026869 000004
026870 000003
026871 000004
026872 000004
026873 000002
026874 000003
026875 000001
026876 000002
026877 000003
026878 000003
026879 000004
026882 000001
026883 000001
026884 000001
026885 000004
026886 000002
026887 000004
026888 000002
026889 000001
026890 000002
026891 000001
026892 000009
026893 000002
026894 000003
026895 000004
026896 000002
026897 000003
026898 000004
026899 000002
026900 000003
026901 000001
026902 000005
026903 000002
026904 000001
026905 000002
026906 000007
026907 000005
026908 000003
026909 000002
026910 000002
026911 000003
026912 000006
026913 000003
026914 000005
026915 000004
026916 000002
026917 000003
026918 000002
026919 000005
026920 000003
026921 000006
026922 000003
026923 000006
026924 000003
026925 000005
026926 000005
026927 000004
026928 000006
026929 000006
026930 000003
026931 000003
026932 000008
026933 000006
026934 000006
026935 000006
026936 000005
026937 000005
026938 000005
026939 000006
026940 000006
026941 000003
026942 000003
026943 000010
026944 000006
026945 000003
026946 000011
026947 000007
026948 000010
026949 000008
026950 000008
026951 000007
026952 000005
026953 000013
026954 000007
026955 000005
026956 000010
026957 000006
026958 000009
026959 000011
026960 000009
026961 000007
026962 000003
026963 000009
026964 000008
026965 000004
026966 000011
026967 000009
026968 000015
026969 000007
026970 000003
026971 000012
026972 000008
026973 000007
026974 000011
026975 000005
026976 000005
026977 000007
026978 000008
026979 000007
026980 000009
026981 000005
026982 000004
026983 000003
026984 000005
026985 000006
026986 000004
026987 000003
026988 000005
026989 000006
026990 000004
026991 000009
026992 000006
026993 000007
026994 000010
026995 000006
026996 000004
026997 000004
026998 000003
026999 000005
027000 000008
027001 000006
027002 000002
027003 000005
027004 000004
027005 000001
027006 000003
027007 000003
027008 000003
027009 000004
027010 000004
027011 000006
027012 000004
027013 000003
027014 000001
027015 000003
027017 000001
027018 000004
027019 000004
027020 000005
027021 000001
027022 000004
027023 000002
027024 000002
027025 000002
027026 000003
027027 000002
027028 000005
027029 000003
027030 000002
027031 000006
027032 000006
027033 000004
027035 000007
027036 000002
027037 000002
027038 000008
027039 000004
027040 000007
027041 000002
027042 000005
027043 000005
027044 000006
027045 000005
027046 000006
027047 000003
027048 000002
027049 000008
027050 000001
027051 000005
027052 000004
027053 000004
027054 000004
027055 000006
027056 000004
027057 000005
027058 000004
027059 000006
027060 000002
027061 000006
027062 000004
027063 000006
027064 000002
027065 000004
027066 000005
027067 000002
027068 000004
027069 000006
027070 000003
027071 000004
027072 000002
027073 000006
027074 000002
027075 000001
027076 000003
027077 000006
027079 000005
027080 000003
027081 000002
027082 000009
027083 000002
027084 000004
027085 000002
027086 000002
027087 000001
027088 000002
027089 000003
027090 000001
027091 000002
027092 000004
027094 000002
027095 000001
027096 000004
027097 000003
027098 000004
027099 000003
027100 000003
027101 000003
027102 000008
027103 000001
027104 000001
027105 000002
027106 000003
027107 000001
027108 000002
027109 000003
027110 000005
027111 000002
027112 000001
027113 000003
027114 000001
027115 000003
027116 000003
027117 000003
027118 000005
027119 000003
027120 000002
027121 000003
027122 000002
027123 000002
027124 000005
027125 000003
027126 000002
027127 000001
027128 000002
027129 000001
027130 000002
027131 000005
027132 000005
027133 000006
027134 000002
027135 000003
027136 000007
027137 000004
027138 000005
027139 000001
027140 000005
027141 000001
027142 000002
027143 000004
027144 000004
027145 000006
027146 000003
027147 000001
027148 000002
027149 000005
027150 000006
027152 000002
027153 000004
027154 000001
027155 000001
027156 000002
027157 000005
027158 000004
027159 000005
027160 000003
027161 000003
027162 000004
027163 000001
027164 000003
027165 000004
027166 000001
027167 000002
027168 000002
027169 000002
027171 000005
027172 000002
027173 000002
027174 000002
027177 000001
027178 000003
027180 000003
027181 000001
027185 000003
027187 000001
027188 000002
027189 000001
027192 000001
027194 000003
027196 000003
027202 000001
027203 000001
027205 000001
027206 000001
027207 000001
027210 000001
027214 000002
027222 000002
027227 000001
027230 000001
027231 000002
027235 000001
027236 000001
027241 000001
027246 000001
027255 000002
027260 000001
027265 000001
027270 000001
027274 000001
027278 000001
027281 000001
027282 000001
027283 000002
027285 000001
027286 000001
027288 000001
027289 000001
027293 000001
027298 000001
027299 000001
027304 000002
027305 000001
027306 000002
027311 000001
027312 000001
027313 000001
027315 000001
027316 000002
027317 000001
027319 000001
027320 000002
027321 000002
027322 000001
027324 000002
027325 000001
027326 000001
027328 000001
027332 000003
027333 000001
027334 000003
027335 000001
027340 000001
027341 000001
027345 000001
027346 000001
027347 000001
027348 000002
027349 000003
027350 000001
027353 000003
027357 000001
027360 000002
027363 000001
027364 000002
027368 000001
027372 000003
027374 000001
027375 000001
027377 000001
027378 000001
027382 000001
027383 000001
027385 000001
027389 000001
027391 000001
027392 000001
027394 000001
027396 000001
027401 000001
027402 000002
027405 000001
027408 000001
027411 000002
027413 000001
027414 000001
027415 000001
027417 000001
027420 000001
027423 000001
027424 000002
027426 000001
027428 000003
027431 000002
027433 000001
027434 000001
027435 000001
027438 000001
027440 000003
027441 000002
027443 000003
027444 000001
027445 000001
027446 000002
027448 000002
027450 000002
027451 000002
027453 000002
027454 000001
027455 000001
027456 000001
027457 000004
027458 000001
027459 000001
027460 000001
027461 000001
027462 000005
027463 000001
027464 000001
027465 000001
027466 000001
027468 000002
027469 000003
027470 000001
027471 000004
027472 000002
027473 000005
027474 000007
027475 000005
027476 000001
027477 000002
027479 000003
027480 000005
027481 000002
027482 000006
027483 000003
027484 000003
027485 000001
027486 000004
027487 000003
027488 000002
027489 000001
027490 000001
027491 000003
027492 000001
027494 000001
027495 000003
027496 000005
027497 000004
027498 000004
027499 000004
027500 000004
027501 000002
027502 000004
027503 000002
027504 000004
027505 000003
027506 000003
027507 000001
027508 000003
027509 000002
027510 000004
027511 000001
027512 000003
027513 000004
027514 000001
027515 000005
027516 000006
027517 000004
027518 000004
027519 000002
027520 000004
027521 000003
027522 000002
027523 000006
027524 000004
027525 000005
027526 000005
027527 000001
027528 000005
027529 000004
027530 000002
027531 000005
027532 000002
027533 000004
027534 000006
027535 000008
027536 000003
027537 000006
027538 000006
027539 000002
027540 000003
027541 000001
027542 000003
027543 000005
027544 000004
027545 000004
027546 000003
027547 000006
027548 000006
027549 000004
027550 000002
027551 000004
027552 000004
027553 000006
027554 000003
027555 000006
027556 000007
027557 000001
027558 000005
027559 000006
027560 000004
027561 000005
027562 000005
027563 000008
027564 000008
027565 000008
027566 000002
027567 000005
027568 000001
027569 000004
027570 000003
027571 000005
027572 000006
027573 000004
027574 000003
027575 000003
027576 000003
027577 000002
027578 000004
027579 000007
027580 000003
027581 000006
027582 000006
027583 000005
027584 000004
027585 000003
027587 000002
027588 000003
027589 000004
027590 000003
027591 000003
027592 000005
027593 000006
027594 000003
027595 000001
027596 000003
027597 000005
027598 000007
027599 000003
027600 000004
027601 000003
027602 000001
027603 000003
027604 000002
027605 000002
027606 000001
027607 000002
027608 000002
027609 000004
027611 000002
027612 000002
027613 000002
027614 000001
027615 000002
027616 000001
027617 000003
027618 000001
027619 000004
027620 000001
027621 000001
027622 000001
027623 000003
027624 000001
027625 000004
027626 000002
027627 000002
027628 000001
027629 000003
027630 000004
027631 000001
027633 000002
027635 000006
027637 000001
027638 000004
027639 000001
027640 000002
027641 000001
027643 000003
027644 000001
027645 000002
027646 000003
027647 000002
027648 000002
027649 000004
027650 000001
027651 000002
027653 000001
027654 000004
027655 000003
027656 000001
027657 000004
027658 000004
027659 000001
027660 000003
027661 000002
027662 000003
027663 000003
027664 000003
027665 000002
027666 000003
027667 000005
027668 000004
027669 000003
027670 000002
027671 000003
027672 000003
027673 000001
027674 000002
027675 000001
027676 000004
027677 000001
027678 000005
027679 000002
027680 000004
027681 000006
027682 000008
027683 000004
027684 000005
027686 000002
027687 000002
027688 000006
027689 000004
027690 000002
027691 000003
027692 000002
027693 000005
027694 000007
027695 000006
027696 000006
027697 000010
027698 000006
027699 000003
027700 000004
027701 000009
027702 000007
027703 000011
027704 000007
027705 000003
027706 000009
027707 000008
027708 000005
027709 000010
027710 000007
027711 000010
027712 000008
027713 000014
027714 000008
027715 000008
027716 000004
027717 000011
027718 000010
027719 000009
027720 000011
027721 000013
027722 000011
027723 000009
027724 000018
027725 000005
027726 000013
027727 000010
027728 000010
027729 000011
027730 000005
027731 000012
027732 000011
027733 000016
027734 000007
027735 000001
027736 000009
027737 000006
027738 000013
027739 000008
027740 000006
027741 000013
027742 000008
027743 000005
027744 000007
027745 000011
027746 000006
027747 000011
027748 000007
027749 000011
027750 000005
027751 000005
027752 000007
027753 000004
027754 000006
027755 000007
027756 000004
027757 000007
027758 000008
027759 000004
027760 000007
027761 000003
027762 000005
027763 000008
027764 000003
027765 000005
027766 000005
027767 000005
027768 000001
027769 000003
027770 000002
027771 000006
027772 000004
027773 000005
027774 000003
027775 000003
027776 000001
027777 000002
027779 000004
027780 000003
027781 000003
027782 000004
027783 000002
027784 000005
027785 000003
027786 000003
027790 000002
027791 000002
027792 000002
027793 000001
027797 000002
027798 000001
027801 000001
027802 000001
027805 000001
027806 000001
027807 000001
027813 000001
027815 000001
027818 000002
027820 000001
027823 000001
027826 000002
027831 000001
027834 000001
027838 000001
027840 000001
027845 000001
027848 000001
027854 000001
027856 000002
027861 000001
027862 000001
027865 000001
027866 000001
027879 000001
027880 000001
027883 000001
027889 000001
027891 000001
027954 000001
027961 000001
028220 000001
028230 000001
028235 000001
028237 000001
028238 000001
028243 000001
028245 000001
028254 000001
028255 000001
028258 000001
028259 000001
028260 000003
028262 000001
028263 000001
028264 000001
028271 000001
028273 000002
028274 000002
028275 000001
028277 000001
028280 000001
028282 000001
028284 000001
028285 000001
028286 000001
028288 000001
028290 000003
028291 000002
028292 000002
028295 000001
028296 000001
028298 000001
028299 000001
028300 000001
028301 000001
028304 000002
028307 000002
028314 000001
028315 000001
028316 000002
028318 000003
028321 000001
028323 000001
028324 000001
028325 000001
028333 000001
028335 000001
028339 000003
028340 000002
028343 000001
028344 000001
028349 000001
028350 000002
028351 000001
028353 000001
028354 000002
028358 000002
028359 000002
028360 000001
028361 000003
028369 000001
028371 000001
028372 000001
028377 000001
028378 000001
028379 000001
028380 000001
028381 000001
028383 000003
028384 000001
028385 000001
028386 000001
028388 000002
028394 000001
028396 000002
028397 000001
028405 000001
028406 000001
028407 000002
028410 000002
028412 000001
028419 000002
028426 000001
028428 000001
028430 000002
028432 000001
028433 000001
028434 000001
028440 000001
028444 000002
028445 000001
028446 000001
028447 000001
028450 000001
028456 000002
028459 000001
028460 000003
028463 000001
028464 000001
028465 000003
028466 000002
028468 000002
028470 000001
028471 000003
028472 000002
028475 000001
028476 000002
028477 000003
028478 000003
028481 000002
028482 000002
028483 000002
028485 000002
028486 000001
028487 000001
028488 000002
028489 000001
028490 000001
028492 000004
028493 000005
028494 000004
028495 000003
028496 000004
028497 000006
028498 000001
028499 000001
028500 000002
028501 000003
028502 000001
028503 000001
028504 000002
028505 000006
028506 000003
028507 000003
028508 000002
028509 000005
028510 000001
028511 000004
028512 000002
028513 000004
028514 000002
028515 000006
028516 000005
028517 000002
028518 000006
028519 000004
028520 000001
028521 000002
028522 000004
028523 000002
028524 000002
028525 000007
028526 000001
028527 000002
028528 000004
028529 000001
028530 000003
028531 000005
028532 000005
028533 000005
028534 000005
028535 000005
028536 000003
028537 000003
028538 000004
028539 000004
028540 000002
028541 000001
028542 000002
028543 000003
028544 000001
028545 000003
028547 000001
028548 000001
028549 000003
028551 000003
028552 000002
028553 000001
028555 000001
028556 000002
028558 000002
028559 000001
028560 000001
028564 000002
028565 000002
028566 000004
028567 000001
028568 000001
028569 000001
028572 000001
028573 000001
028577 000001
028578 000001
028582 000001
028603 000001
028620 000001
028623 000001
028624 000001
028632 000001
028646 000001
028658 000001
028695 000001
028699 000001
028725 000001
028769 000001
028780 000001
028782 000001
028788 000002
028796 000001
028798 000001
028799 000002
028802 000001
028808 000001
028809 000002
028810 000003
028812 000001
028814 000002
028818 000003
028822 000001
028825 000001
028826 000002
028831 000001
028832 000003
028833 000001
028836 000002
028839 000002
028841 000001
028843 000002
028845 000002
028849 000002
028852 000003
028853 000001
028854 000001
028857 000001
028858 000001
028860 000001
028862 000001
028864 000003
028866 000001
028874 000002
028876 000001
028877 000001
028878 000001
028880 000001
028881 000001
028883 000002
028885 000002
028888 000001
028891 000002
028893 000001
028897 000001
028898 000001
028911 000001
028917 000001
028918 000002
028922 000001
028923 000002
028926 000001
028927 000001
028928 000001
028929 000001
028933 000001
028934 000002
028935 000001
028936 000001
028937 000002
028938 000001
028942 000002
028944 000001
028945 000001
028946 000001
028948 000002
028949 000001
028953 000001
028954 000001
028955 000001
028961 000002
028962 000001
028963 000001
028965 000002
028966 000001
028969 000001
028970 000001
028971 000002
028972 000001
028975 000001
028977 000002
028978 000001
028979 000001
028981 000001
028982 000001
028984 000001
028986 000002
028987 000002
028988 000001
028989 000001
028990 000001
028991 000001
028992 000003
028995 000003
028996 000002
028997 000001
028998 000001
028999 000001
029002 000001
029003 000003
029004 000002
029005 000002
029006 000002
029007 000003
029008 000002
029009 000001
029010 000002
029011 000002
029012 000002
029013 000002
029015 000001
029016 000001
029017 000002
029018 000002
029019 000001
029020 000001
029022 000001
029023 000003
029024 000001
029025 000002
029026 000001
029027 000003
029028 000001
029029 000002
029030 000001
029031 000001
029032 000004
029033 000003
029034 000002
029035 000001
029037 000003
029038 000005
029039 000005
029041 000003
029042 000004
029043 000003
029044 000001
029045 000002
029046 000001
029047 000005
029048 000002
029049 000004
029050 000001
029051 000003
029052 000005
029053 000004
029054 000003
029055 000006
029056 000002
029057 000005
029058 000003
029059 000004
029060 000004
029061 000003
029062 000002
029063 000010
029064 000002
029065 000003
029066 000005
029067 000003
029068 000002
029069 000002
029070 000006
029071 000007
029072 000003
029073 000003
029074 000002
029075 000004
029076 000004
029077 000001
029078 000005
029079 000002
029080 000003
029081 000001
029082 000004
029083 000004
029084 000003
029085 000002
029086 000002
029088 000004
029089 000005
029090 000002
029091 000007
029092 000004
029093 000003
029094 000002
029095 000005
029096 000003
029097 000005
029098 000003
029099 000002
029100 000004
029101 000002
029102 000002
029103 000002
029104 000002
029105 000004
029106 000002
029108 000003
029109 000001
029110 000003
029115 000002
029116 000001
029118 000003
029119 000001
029120 000001
029121 000001
029122 000004
029123 000001
029124 000004
029125 000001
029126 000003
029127 000001
029128 000002
029130 000001
029131 000001
029136 000002
029137 000002
029138 000001
029139 000001
029141 000001
029143 000003
029147 000001
029151 000002
029152 000001
029154 000001
029157 000002
029161 000002
029162 000002
029166 000003
029168 000001
029170 000003
029171 000001
029176 000002
029177 000001
029179 000002
029183 000001
029184 000001
029186 000001
029188 000001
029189 000002
029190 000002
029192 000001
029196 000001
029197 000001
029198 000001
029200 000002
029201 000001
029202 000001
029203 000001
029204 000004
029207 000001
029208 000002
029209 000002
029210 000004
029212 000001
029216 000001
029217 000001
029218 000003
029219 000001
029220 000002
029221 000006
029222 000003
029223 000004
029224 000003
029225 000001
029226 000001
029227 000006
029228 000005
029229 000002
029231 000002
029232 000004
029233 000001
029234 000006
029235 000005
029236 000004
029237 000005
029238 000003
029239 000003
029241 000005
029242 000004
029243 000003
029244 000005
029245 000006
029246 000003
029247 000001
029248 000003
029249 000003
029250 000005
029251 000003
029252 000004
029253 000003
029254 000002
029255 000003
029257 000003
029258 000004
029259 000002
029260 000001
029261 000004
029262 000002
029263 000003
029265 000001
029266 000003
029267 000003
029268 000002
029269 000002
029270 000001
029271 000003
029272 000001
029273 000006
029274 000002
029275 000002
029276 000002
029277 000001
029278 000003
029279 000004
029280 000003
029281 000003
029282 000002
029284 000002
029285 000002
029286 000003
029289 000002
029290 000001
029291 000004
029293 000002
029294 000001
029295 000001
029296 000001
029298 000001
029299 000001
029300 000001
029302 000002
029303 000001
029305 000001
029309 000001
029310 000001
029312 000001
029321 000001
029323 000001
029334 000001
029336 000001
029338 000001
029339 000001
029341 000001
029347 000001
029351 000001
029357 000001
029381 000001
029388 000001
029389 000001
029390 000001
029391 000001
029392 000002
029394 000002
029399 000003
029402 000002
029403 000001
029412 000001
029414 000001
029415 000001
029417 000001
029419 000001
029421 000002
029422 000002
029426 000001
029427 000001
029428 000001
029429 000001
029431 000001
029433 000001
029434 000001
029435 000001
029439 000001
029440 000001
029442 000001
029443 000002
029444 000001
029445 000001
029446 000002
029447 000001
029448 000003
029450 000002
029451 000002
029452 000001
029453 000001
029454 000002
029456 000005
029457 000001
029458 000001
029459 000002
029461 000001
029462 000001
029463 000002
029464 000001
029465 000001
029466 000003
029467 000001
029468 000001
029469 000004
029470 000001
029472 000004
029473 000001
029474 000003
029475 000001
029476 000001
029477 000002
029478 000001
029481 000001
029482 000002
029483 000001
029484 000004
029485 000002
029486 000001
029487 000001
029488 000001
029489 000003
029491 000002
029492 000002
029494 000001
029495 000001
029496 000001
029498 000001
029499 000002
029500 000001
029502 000001
029503 000001
029505 000002
029506 000002
029509 000002
029510 000001
029511 000003
029512 000002
029513 000001
029514 000001
029515 000001
029517 000006
029518 000002
029519 000002
029520 000001
029521 000005
029522 000001
029523 000002
029525 000002
029526 000001
029527 000002
029528 000002
029529 000003
029530 000001
029531 000002
029532 000002
029533 000004
029535 000002
029536 000004
029537 000003
029538 000002
029539 000003
029543 000002
029544 000004
029545 000002
029547 000004
029548 000001
029549 000003
029551 000002
029552 000004
029554 000002
029555 000004
029556 000001
029557 000001
029558 000004
029559 000002
029561 000002
029562 000001
029563 000002
029564 000001
029565 000002
029566 000001
029567 000001
029568 000003
029569 000002
029570 000001
029571 000001
029572 000002
029574 000001
029575 000001
029576 000001
029578 000002
029579 000002
029580 000002
029581 000003
029582 000001
029584 000002
029586 000005
029587 000001
029588 000001
029589 000002
029590 000002
029591 000002
029592 000002
029593 000003
029594 000001
029595 000003
029597 000002
029598 000001
029599 000001
029600 000001
029601 000001
029602 000001
029603 000002
029604 000002
029606 000003
029608 000003
029609 000002
029610 000002
029611 000002
029612 000005
029614 000002
029615 000001
029616 000004
029617 000002
029618 000003
029619 000001
029620 000001
029621 000004
029622 000002
029623 000001
029624 000001
029625 000004
029626 000003
029627 000004
029628 000004
029629 000003
029630 000004
029631 000002
029632 000002
029633 000002
029634 000004
029635 000006
029636 000003
029637 000001
029638 000004
029639 000008
029640 000003
029641 000002
029642 000002
029643 000005
029644 000005
029645 000003
029646 000002
029647 000003
029648 000002
029649 000001
029650 000005
029651 000002
029652 000003
029653 000003
029654 000004
029655 000002
029656 000003
029657 000004
029658 000002
029659 000002
029660 000003
029661 000006
029662 000005
029663 000003
029664 000002
029665 000004
029667 000002
029668 000002
029669 000003
029670 000006
029671 000007
029672 000007
029673 000003
029674 000007
029675 000001
029676 000010
029677 000005
029678 000004
029679 000007
029680 000005
029681 000008
029682 000005
029683 000003
029684 000004
029685 000008
029686 000003
029687 000007
029688 000002
029689 000009
029690 000006
029691 000003
029692 000005
029693 000005
029694 000004
029695 000002
029696 000002
029697 000008
029698 000003
029699 000006
029700 000002
029701 000008
029702 000008
029703 000004
029704 000006
029705 000003
029706 000005
029707 000001
029708 000009
029709 000006
029710 000009
029711 000002
029712 000005
029713 000008
029714 000003
029715 000005
029716 000009
029717 000008
029718 000007
029719 000006
029720 000009
029721 000007
029722 000005
029723 000002
029724 000007
029725 000003
029726 000003
029727 000003
029728 000002
029729 000007
029730 000005
029731 000002
029732 000004
029733 000005
029734 000004
029735 000006
029736 000005
029738 000002
029739 000004
029740 000004
029741 000005
029742 000004
029743 000003
029744 000006
029745 000005
029746 000002
029747 000005
029748 000003
029749 000002
029750 000003
029751 000006
029752 000003
029753 000004
029754 000003
029755 000003
029756 000002
029757 000001
029758 000005
029759 000004
029760 000005
029761 000002
029763 000005
029764 000003
029765 000005
029766 000003
029767 000003
029768 000005
029769 000007
029770 000003
029771 000003
029772 000003
029773 000003
029774 000001
029775 000004
029776 000004
029777 000002
029778 000007
029779 000006
029780 000003
029781 000002
029782 000002
029783 000006
029784 000005
029785 000003
029787 000002
029788 000006
029789 000006
029790 000005
029791 000004
029792 000007
029793 000003
029794 000002
029795 000006
029796 000005
029797 000003
029798 000002
029799 000002
029800 000001
029801 000004
029802 000003
029803 000002
029804 000001
029805 000005
029806 000002
029807 000004
029808 000004
029810 000002
029811 000003
029812 000001
029813 000002
029814 000002
029815 000005
029817 000003
029818 000001
029819 000001
029820 000002
029821 000003
029822 000001
029823 000002
029824 000001
029826 000002
029828 000001
029830 000002
029833 000001
029834 000002
029835 000001
029836 000001
029838 000002
029839 000001
029841 000001
029842 000002
029844 000001
029849 000001
029850 000002
029852 000003
029853 000001
029855 000001
029864 000001
029866 000001
029867 000001
029874 000001
029879 000001
029881 000001
029884 000001
029889 000001
029895 000001
029909 000002
029912 000001
029915 000001
029917 000002
029919 000001
029921 000002
029924 000001
029925 000001
029954 000001
029959 000001
029982 000001
029990 000001
030023 000001
030111 000001
030131 000001
030280 000001
030412 000001
030635 000001
030716 000001
032042 000001
032196 000001
032367 000001
032632 000001
032638 000001
032681 000001
032760 000001
032802 000001
032851 000001
032890 000001
032897 000001
032981 000001
032994 000001
033022 000001
033080 000001
033094 000001
033096 000001
033097 000001
033277 000001
033377 000001
033385 000001
033387 000001
033392 000001
033511 000001
033552 000001
033558 000001
033560 000001
033564 000001
033596 000001
033597 000001
033663 000001
033670 000001
033756 000001
033774 000001
033804 000001
033821 000001
033864 000001
033867 000001
033880 000001
033886 000001
033904 000001
033920 000001
033967 000001
034008 000001
034040 000001
034049 000001
034058 000001
034063 000001
034080 000001
034082 000001
034136 000001
034167 000001
034186 000001
034197 000001
034206 000001
034207 000001
034220 000001
034236 000001
034249 000001
034263 000001
034278 000001
034280 000001
034297 000001
034300 000001
034345 000001
034356 000001
034362 000001
034388 000001
034395 000001
034396 000001
034397 000001
034404 000001
034424 000001
034446 000001
034450 000001
034451 000001
034453 000001
034456 000001
034461 000001
034462 000001
034493 000001
034495 000001
034502 000001
034520 000001
034526 000001
034536 000001
034541 000001
034550 000001
034555 000001
034574 000001
034575 000001
034583 000001
034584 000001
034586 000001
034587 000001
034595 000001
034596 000001
034613 000001
034626 000001
034629 000001
034631 000001
034636 000001
034648 000001
034661 000001
034684 000002
034687 000001
034691 000001
034702 000001
034714 000001
034734 000001
034737 000001
034744 000001
034750 000001
034754 000001
034777 000001
034790 000001
034793 000001
034803 000001
034811 000001
034816 000001
034848 000001
034855 000001
034881 000001
034882 000001
034895 000001
034899 000001
034912 000001
034936 000001
034937 000001
034950 000001
034951 000001
034955 000002
034983 000001
034994 000001
034997 000001
035016 000002
035020 000001
035034 000001
035035 000001
035040 000001
035063 000001
035065 000001
035071 000001
035073 000001
035076 000001
035078 000001
035087 000001
035097 000002
035106 000001
035149 000001
035163 000001
035164 000001
035167 000001
035169 000001
035170 000001
035176 000001
035182 000001
035194 000001
035201 000001
035209 000001
035232 000001
035237 000001
035238 000001
035239 000001
035241 000001
035254 000001
035272 000001
035286 000001
035298 000001
035299 000001
035304 000001
035311 000001
035314 000001
035317 000001
035327 000001
035328 000002
035338 000001
035344 000001
035347 000001
035351 000001
035362 000001
035364 000001
035371 000001
035375 000002
035379 000001
035380 000001
035391 000001
035394 000001
035395 000002
035402 000001
035409 000001
035412 000001
035413 000001
035416 000001
035422 000001
035423 000001
035440 000001
035445 000001
035472 000001
035473 000002
035484 000001
035493 000001
035503 000001
035504 000001
035530 000001
035545 000001
035555 000001
035563 000001
035574 000001
035578 000001
035594 000001
035599 000001
035603 000001
035606 000001
035609 000001
035616 000001
035632 000001
035635 000001
035658 000001
035664 000003
035677 000001
035680 000002
035689 000001
035710 000002
035722 000001
035734 000001
035762 000001
035771 000001
035773 000001
035777 000001
035794 000001
035811 000001
035823 000001
035839 000001
035844 000001
035847 000001
035852 000001
035858 000001
035859 000001
035868 000001
035875 000001
035883 000001
035884 000001
035893 000002
035910 000001
035919 000001
035924 000001
035934 000001
035936 000001
035939 000001
035954 000001
035955 000001
035961 000001
035973 000001
035977 000001
036011 000001
036014 000001
036023 000001
036032 000001
036039 000001
036042 000001
036045 000001
036061 000001
036070 000001
036074 000002
036078 000001
036113 000001
036121 000001
036124 000001
036127 000001
036133 000001
036134 000001
036137 000001
036155 000001
036162 000001
036173 000001
036182 000001
036191 000001
036194 000002
036206 000001
036227 000001
036238 000001
036245 000001
036259 000001
036271 000001
036274 000001
036278 000001
036286 000001
036293 000001
036296 000001
036297 000001
036301 000001
036305 000001
036317 000001
036325 000001
036336 000001
036340 000001
036355 000001
036363 000001
036367 000001
036369 000002
036371 000001
036379 000002
036380 000001
036387 000001
036388 000001
036398 000001
036410 000001
036413 000001
036414 000001
036441 000001
036453 000001
036463 000001
036467 000001
036478 000001
036494 000001
036500 000001
036506 000002
036508 000001
036510 000001
036512 000001
036517 000001
036521 000001
036525 000001
036528 000001
036532 000001
036538 000001
036546 000001
036568 000001
036569 000001
036572 000001
036573 000001
036574 000001
036586 000001
036601 000001
036602 000001
036613 000001
036615 000001
036630 000001
036633 000002
036640 000001
036646 000001
036655 000001
036659 000001
036661 000001
036664 000001
036669 000001
036672 000001
036696 000001
036697 000001
036701 000002
036702 000001
036710 000001
036714 000001
036727 000001
036729 000001
036730 000001
036731 000001
036737 000001
036754 000001
036765 000001
036778 000001
036782 000001
036797 000001
036809 000001
036818 000001
036828 000001
036838 000001
036862 000001
036865 000001
036868 000001
036874 000002
036902 000001
036903 000001
036906 000001
036909 000001
036915 000001
036921 000001
036938 000001
036947 000001
036952 000001
036953 000001
036965 000001
036980 000001
036985 000001
037002 000001
037015 000001
037018 000001
037023 000001
037025 000001
037029 000001
037038 000001
037039 000001
037048 000001
037093 000001
037101 000001
037104 000001
037107 000001
037123 000001
037137 000001
037143 000001
037150 000001
037152 000001
037156 000001
037181 000001
037182 000001
037184 000001
037190 000001
037228 000001
037243 000001
037275 000001
037278 000001
037288 000001
037292 000001
037293 000001
037294 000001
037316 000001
037323 000001
037364 000001
037373 000001
037386 000001
037388 000001
037390 000002
037396 000001
037406 000001
037415 000001
037440 000001
037441 000001
037444 000001
037451 000001
037466 000001
037471 000001
037486 000001
037518 000001
037526 000001
037568 000001
037574 000001
037575 000001
037592 000001
037596 000001
037599 000001
037604 000001
037618 000001
037623 000001
037723 000001
037724 000001
037726 000001
037754 000001
037771 000001
037773 000001
037783 000001
037789 000001
037796 000001
037806 000001
037809 000001
037813 000001
037833 000001
037841 000001
037851 000001
037856 000001
037878 000001
037886 000001
037901 000001
037931 000001
037939 000001
037957 000001
037962 000001
037963 000001
037977 000001
037982 000001
038048 000001
038070 000001
038072 000001
038125 000001
038201 000001
038212 000001
038218 000001
038234 000001
038255 000001
038256 000001
038263 000001
038271 000001
038274 000001
038279 000001
038281 000001
038283 000001
038285 000001
038286 000001
038288 000001
038305 000001
038306 000001
038321 000001
038327 000001
038341 000001
038389 000001
038392 000001
038401 000001
038419 000001
038420 000001
038426 000001
038427 000001
038428 000001
038437 000001
038478 000001
038484 000001
038488 000001
038492 000001
038493 000001
038503 000001
038530 000001
038562 000001
038582 000001
038590 000001
038602 000001
038609 000001
038616 000001
038634 000001
038646 000001
038648 000001
038649 000001
038667 000002
038672 000001
038679 000001
038693 000001
038714 000001
038721 000001
038766 000001
038767 000001
038768 000001
038769 000001
038780 000001
038782 000001
038798 000002
038836 000001
038857 000001
038861 000001
038866 000001
038875 000001
038879 000001
038896 000001
038917 000001
038926 000001
038933 000001
038948 000001
038950 000001
038954 000001
038955 000001
038982 000002
039020 000001
039029 000001
039030 000002
039033 000001
039051 000001
039079 000001
039086 000001
039099 000001
039105 000001
039120 000001
039164 000001
039172 000001
039208 000001
039228 000001
039233 000001
039236 000001
039246 000001
039249 000001
039268 000001
039277 000001
039284 000001
039295 000001
039297 000001
039300 000001
039310 000001
039312 000001
039315 000001
039323 000001
039336 000001
039340 000001
039346 000001
039351 000001
039354 000001
039356 000001
039361 000001
039363 000002
039364 000001
039416 000001
039422 000001
039425 000001
039431 000001
039463 000001
039466 000001
039474 000001
039478 000001
039480 000001
039481 000001
039490 000001
039522 000001
039547 000001
039548 000001
039549 000001
039573 000001
039582 000001
039591 000001
039597 000001
039611 000001
039623 000001
039637 000001
039644 000001
039666 000001
039696 000001
039732 000001
039734 000001
039751 000001
039757 000001
039774 000002
039794 000001
039808 000001
039824 000001
039831 000001
039836 000001
039845 000001
039860 000001
039861 000001
039881 000001
039886 000001
039889 000001
039978 000001
039998 000001
040001 000001
040007 000001
040015 000001
040021 000001
040025 000001
040045 000001
040056 000001
040057 000001
040068 000001
040072 000001
040074 000001
040099 000001
040105 000001
040108 000001
040109 000001
040124 000002
040130 000001
040162 000001
040163 000001
040182 000001
040200 000001
040222 000001
040227 000001
040238 000001
040242 000001
040304 000001
040325 000001
040337 000001
040357 000001
040358 000001
040365 000001
040389 000001
040413 000001
040519 000001
040536 000001
040557 000001
040575 000001
040590 000001
040600 000001
040605 000001
040634 000001
040636 000001
040661 000001
040664 000001
040668 000001
040683 000001
040700 000001
040754 000001
040776 000001
040811 000001
040818 000001
040860 000001
040866 000001
040870 000001
040879 000001
040913 000001
040931 000001
040948 000001
040957 000001
040964 000001
040965 000001
040986 000001
041025 000001
041086 000001
041109 000001
041113 000001
041116 000001
041161 000001
041174 000001
041196 000001
041228 000001
041247 000001
041287 000001
041291 000001
041294 000001
041296 000001
041320 000001
041329 000001
041337 000001
041344 000001
041443 000001
041444 000001
041457 000001
041512 000001
041525 000001
041570 000001
041575 000001
041582 000001
041593 000001
041662 000001
041669 000001
041671 000001
041677 000001
041715 000001
041736 000001
041751 000001
041759 000001
041761 000001
041790 000001
041811 000001
041846 000001
041848 000001
041853 000001
041891 000001
041946 000001
041984 000001
042002 000001
042048 000001
042138 000001
042356 000001
042418 000001
042441 000001
042507 000001
042529 000001
042672 000001
042678 000001
042703 000001
042859 000001
042862 000001
042874 000001
042995 000001
043005 000001
043053 000001
043138 000001
043197 000001
043242 000001
043260 000001
043441 000001
043493 000001
043510 000001
043512 000001
043552 000001
043557 000001
043594 000001
043706 000001
043733 000001
043987 000001
044069 000001
044141 000001
044279 000001
044323 000001
044399 000001
044422 000001
044474 000001
044546 000001
044847 000001
045043 000001
045045 000001
045265 000001
045405 000001
045899 000001
045962 000001
046072 000001
046709 000001
047027 000001
047141 000001
047432 000001
047607 000001
048481 000001
048930 000001
048984 000001
049881 000001
050079 000001
050341 000001
050734 000001
051134 000001
051605 000001
051722 000001
054433 000001
057314 000001
# Total Loops: 10000
# Min Latency: 24627
# Avg Latency: 28196
# Max Latency: 57314
# Overflows:   0
